##### MODEL nemotron3:33b-q8 tag=nemotron3_33b-q8 18:04:12 powermode=2
--- scene_single [nemotron3_33b-q8] ---
{
 "json_valid": true,
 "labels_found": 6,
 "labels_total": 6,
 "bbox_hits": 6,
 "bbox_mean_iou": 0.844,
 "bbox_space": "norm1000/xyxy",
 "colors_right": 6,
 "serial_found": false,
 "object_count": 6,
 "prompt_eval_count": 2674,
 "eval_count": 512,
 "total_duration": 10234677458,
 "load_duration": 2426190041,
 "prompt_eval_duration": 2526178000,
 "eval_duration": 5148713000,
 "gen_tps": 99.44,
 "prefill_tps": 1058.52
}
--- document_single [nemotron3_33b-q8] ---
{
 "json_valid": true,
 "invoice_no": true,
 "items_found": 5,
 "items_total": 5,
 "qty_price_right": 5,
 "total_right": true,
 "name_bbox_hits": 4,
 "name_bbox_mean_iou": 0.317,
 "name_bbox_space": "norm1000/xyxy",
 "prompt_eval_count": 2799,
 "eval_count": 475,
 "total_duration": 8678671875,
 "load_duration": 111260708,
 "prompt_eval_duration": 3709250000,
 "eval_duration": 4835617000,
 "gen_tps": 98.23,
 "prefill_tps": 754.6
}
--- multi_3img [nemotron3_33b-q8] ---
{
 "json_valid": true,
 "q1_right": true,
 "q2_right": true,
 "q4_bbox_hit": true,
 "chart_values_found": 5,
 "chart_total": 5,
 "q4_bbox_space": "norm1000/xyxy",
 "prompt_eval_count": 6203,
 "eval_count": 1010,
 "total_duration": 19466317958,
 "load_duration": 118870708,
 "prompt_eval_duration": 8276522000,
 "eval_duration": 10919197000,
 "gen_tps": 92.5,
 "prefill_tps": 749.47
}
SUITE DONE nemotron3_33b-q8
--- finetext [nemotron3_33b-q8] ---
{
 "tag": "nemotron3_33b-q8",
 "json_valid": true,
 "prompt_eval_count": 2496,
 "eval_count": 305,
 "recall_22px": 4,
 "recall_16px": 4,
 "recall_12px": 3,
 "recall_9px": 0,
 "recall_7px": 0,
 "total_found": 20
}
##### DONE nemotron3:33b-q8 18:05:03
ENGINE COMPARE DONE
